// Jest Snapshot v1, https://goo.gl/fbAQLP

exports[`Nav should match snapshot 1`] = `
<nav
  className="nav"
>
  <Link
    className="link"
    to="/favorites"
  >
     
    <p
      className="nav-p"
      onClick={[Function]}
    >
      FAVORITES
    </p>
     
  </Link>
  <div
    className="nav-user-options"
  >
    <p
      className="nav-p"
    >
      Hello, 
      Tyler
    </p>
    <Link
      className="link"
      to="/"
    >
       
      <p
        className="nav-p"
        onClick={[Function]}
      >
        LOGOUT
      </p>
       
    </Link>
  </div>
</nav>
`;
