// Jest Snapshot v1, https://goo.gl/fbAQLP

exports[`MoviesContainer should match snapshot 1`] = `
<div
  className="scroll-wrapper"
>
  <main
    className="movies-container"
  >
    <Connect(Movie)
      key="999999"
      movie_id={999999}
      overview="During the 1980s, a failed stand-up comedian is driven insane and turns to a life of crime and chaos in Gotham City while becoming an infamous psychopathic crime figure."
      title="Joker"
    />
    <Connect(Movie)
      key="888888"
      movie_id={888888}
      overview="Maleficent and her goddaughter Aurora begin to question the complex family ties that bind them as they are pulled in different directions by impending nuptials, unexpected allies, and dark new forces at play."
      title="Maleficent: Mistress of Evil"
    />
  </main>
</div>
`;
