// Jest Snapshot v1, https://goo.gl/fbAQLP

exports[`Header should match snapshot 1`] = `
<header
  className="App-header"
>
  <Connect(Nav)
    getFavorites={[MockFunction]}
  />
  <Link
    className="App-img"
    to="/"
  >
    <img
      alt="Logo"
      src="MovieTracker_font_wave.png"
    />
  </Link>
</header>
`;
