// Jest Snapshot v1, https://goo.gl/fbAQLP

exports[`Movie should render the movie data in <section> tag correctly 1`] = `
<section
  className="grow"
>
  <div
    className="movie-img"
  >
    <img
      alt="Movie Poster"
      className="poster-img"
      src="https://image.tmdb.org/t/p/original/undefined"
    />
  </div>
  <img
    alt="Logo"
    className="movie-star"
    onClick={[Function]}
    src="MovieTracker_star_fav.svg"
  />
  <div
    className="movie-text"
  >
    <h3
      className="movie-h3"
    >
      Joker
    </h3>
  </div>
</section>
`;
