// Jest Snapshot v1, https://goo.gl/fbAQLP

exports[`LoginForm should match snapshot 1`] = `
<Fragment>
  <form>
    <input
      className="email-input"
      name="email"
      onChange={[Function]}
      placeholder="Enter Email"
      type="text"
    />
    <input
      className="password-input"
      name="password"
      onChange={[Function]}
      placeholder="Enter Password"
      type="text"
    />
    <button
      onClick={[Function]}
    >
       LOGIN 
    </button>
  </form>
  <p>
     
     
  </p>
  <p>
     
     
  </p>
</Fragment>
`;
