// Jest Snapshot v1, https://goo.gl/fbAQLP

exports[`LoginFormContainer AddTodoForm component should match snapshot 1`] = `
<Fragment>
  <form
    className="login-form"
  >
    <div
      className="log-in-background"
    >
      <Link
        className="App-img-form"
        to="/"
      >
        <img
          alt="Logo"
          className="App-img-form"
          src="MovieTracker_font_wave.png"
        />
      </Link>
      <h2>
         Login 
      </h2>
      <input
        className="email-input"
        name="email"
        onChange={[Function]}
        placeholder="Enter Email"
        type="text"
      />
      <input
        className="password-input"
        name="password"
        onChange={[Function]}
        placeholder="Enter Password"
        type="password"
      />
      <button
        className="form-btn"
        onClick={[Function]}
      >
         LOGIN 
      </button>
      <h3>
         
         
      </h3>
      <div
        className="login-to-sign-up"
      >
        <h4
          className="prompt-to-sign-up"
        >
           Don't have an account? 
        </h4>
        <Link
          to="/signup"
        >
           
          <button
            className="sign-up-btn"
          >
             SIGN UP
          </button>
           
        </Link>
      </div>
    </div>
  </form>
</Fragment>
`;
